============================= test session starts =============================
platform win32 -- Python 3.12.12, pytest-9.0.3, pluggy-1.6.0 -- C:\Users\starv\Desktop\SafeGuard.AI\.venv\Scripts\python.exe
cachedir: .pytest_cache
rootdir: C:\Users\starv\Desktop\SafeGuard.AI
configfile: pyproject.toml
testpaths: tests
plugins: anyio-4.13.0, mock-3.15.1
.venv\Scripts\pytest.exe : Windows fatal exception: access violation
At line:1 char:1
+ .venv\Scripts\pytest.exe > test_output.txt 2>&1
+ ~~~~~~~~~~~~~~~~~~~~~~~~~~~~~~~~~~~~~~~~~~~~~~~
    + CategoryInfo          : NotSpecified: (Windows fatal e...ccess violation:String) [], RemoteException
    + FullyQualifiedErrorId : NativeCommandError
 

Current thread 0x0000661c (most recent call first):
  File "<frozen importlib._bootstrap>", line 488 in _call_with_frames_removed
  File "<frozen importlib._bootstrap_external>", line 1293 in create_module
  File "<frozen importlib._bootstrap>", line 813 in module_from_spec
  File "<frozen importlib._bootstrap>", line 921 in _load_unlocked
  File "<frozen importlib._bootstrap>", line 1331 in _find_and_load_unlocked
  File "<frozen importlib._bootstrap>", line 1360 in _find_and_load
  File "C:\Users\starv\Desktop\SafeGuard.AI\.venv\Lib\site-packages\pyarrow\__init__.py", line 71 in <module>
  File "<frozen importlib._bootstrap>", line 488 in _call_with_frames_removed
  File "<frozen importlib._bootstrap_external>", line 999 in exec_module
  File "<frozen importlib._bootstrap>", line 935 in _load_unlocked
  File "<frozen importlib._bootstrap>", line 1331 in _find_and_load_unlocked
  File "<frozen importlib._bootstrap>", line 1360 in _find_and_load
  File "C:\Users\starv\Desktop\SafeGuard.AI\.venv\Lib\site-packages\pandas\compat\pyarrow.py", line 12 in <module>
  File "<frozen importlib._bootstrap>", line 488 in _call_with_frames_removed
  File "<frozen importlib._bootstrap_external>", line 999 in exec_module
  File "<frozen importlib._bootstrap>", line 935 in _load_unlocked
  File "<frozen importlib._bootstrap>", line 1331 in _find_and_load_unlocked
  File "<frozen importlib._bootstrap>", line 1360 in _find_and_load
  File "C:\Users\starv\Desktop\SafeGuard.AI\.venv\Lib\site-packages\pandas\compat\__init__.py", line 28 in <module>
  File "<frozen importlib._bootstrap>", line 488 in _call_with_frames_removed
  File "<frozen importlib._bootstrap_external>", line 999 in exec_module
  File "<frozen importlib._bootstrap>", line 935 in _load_unlocked
  File "<frozen importlib._bootstrap>", line 1331 in _find_and_load_unlocked
  File "<frozen importlib._bootstrap>", line 1360 in _find_and_load
  File "C:\Users\starv\Desktop\SafeGuard.AI\.venv\Lib\site-packages\pandas\__init__.py", line 34 in <module>
  File "<frozen importlib._bootstrap>", line 488 in _call_with_frames_removed
  File "<frozen importlib._bootstrap_external>", line 999 in exec_module
  File "<frozen importlib._bootstrap>", line 935 in _load_unlocked
  File "<frozen importlib._bootstrap>", line 1331 in _find_and_load_unlocked
  File "<frozen importlib._bootstrap>", line 1360 in _find_and_load
  File "C:\Users\starv\Desktop\SafeGuard.AI\.venv\Lib\site-packages\sklearn\utils\fixes.py", line 19 in <module>
  File "<frozen importlib._bootstrap>", line 488 in _call_with_frames_removed
  File "<frozen importlib._bootstrap_external>", line 999 in exec_module
  File "<frozen importlib._bootstrap>", line 935 in _load_unlocked
  File "<frozen importlib._bootstrap>", line 1331 in _find_and_load_unlocked
  File "<frozen importlib._bootstrap>", line 1360 in _find_and_load
  File "C:\Users\starv\Desktop\SafeGuard.AI\.venv\Lib\site-packages\sklearn\utils\_array_api.py", line 20 in <module>
  File "<frozen importlib._bootstrap>", line 488 in _call_with_frames_removed
  File "<frozen importlib._bootstrap_external>", line 999 in exec_module
  File "<frozen importlib._bootstrap>", line 935 in _load_unlocked
  File "<frozen importlib._bootstrap>", line 1331 in _find_and_load_unlocked
  File "<frozen importlib._bootstrap>", line 1360 in _find_and_load
  File "C:\Users\starv\Desktop\SafeGuard.AI\.venv\Lib\site-packages\sklearn\utils\validation.py", line 24 in <module>
  File "<frozen importlib._bootstrap>", line 488 in _call_with_frames_removed
  File "<frozen importlib._bootstrap_external>", line 999 in exec_module
  File "<frozen importlib._bootstrap>", line 935 in _load_unlocked
  File "<frozen importlib._bootstrap>", line 1331 in _find_and_load_unlocked
  File "<frozen importlib._bootstrap>", line 1360 in _find_and_load
  File "C:\Users\starv\Desktop\SafeGuard.AI\.venv\Lib\site-packages\sklearn\utils\_param_validation.py", line 17 in 
<module>
  File "<frozen importlib._bootstrap>", line 488 in _call_with_frames_removed
  File "<frozen importlib._bootstrap_external>", line 999 in exec_module
  File "<frozen importlib._bootstrap>", line 935 in _load_unlocked
  File "<frozen importlib._bootstrap>", line 1331 in _find_and_load_unlocked
  File "<frozen importlib._bootstrap>", line 1360 in _find_and_load
  File "C:\Users\starv\Desktop\SafeGuard.AI\.venv\Lib\site-packages\sklearn\utils\_chunking.py", line 11 in <module>
  File "<frozen importlib._bootstrap>", line 488 in _call_with_frames_removed
  File "<frozen importlib._bootstrap_external>", line 999 in exec_module
  File "<frozen importlib._bootstrap>", line 935 in _load_unlocked
  File "<frozen importlib._bootstrap>", line 1331 in _find_and_load_unlocked
  File "<frozen importlib._bootstrap>", line 1360 in _find_and_load
  File "C:\Users\starv\Desktop\SafeGuard.AI\.venv\Lib\site-packages\sklearn\utils\__init__.py", line 9 in <module>
  File "<frozen importlib._bootstrap>", line 488 in _call_with_frames_removed
  File "<frozen importlib._bootstrap_external>", line 999 in exec_module
  File "<frozen importlib._bootstrap>", line 935 in _load_unlocked
  File "<frozen importlib._bootstrap>", line 1331 in _find_and_load_unlocked
  File "<frozen importlib._bootstrap>", line 1360 in _find_and_load
  File "<frozen importlib._bootstrap>", line 488 in _call_with_frames_removed
  File "<frozen importlib._bootstrap>", line 1310 in _find_and_load_unlocked
  File "<frozen importlib._bootstrap>", line 1360 in _find_and_load
  File "C:\Users\starv\Desktop\SafeGuard.AI\.venv\Lib\site-packages\sklearn\base.py", line 19 in <module>
  File "<frozen importlib._bootstrap>", line 488 in _call_with_frames_removed
  File "<frozen importlib._bootstrap_external>", line 999 in exec_module
  File "<frozen importlib._bootstrap>", line 935 in _load_unlocked
  File "<frozen importlib._bootstrap>", line 1331 in _find_and_load_unlocked
  File "<frozen importlib._bootstrap>", line 1360 in _find_and_load
  File "C:\Users\starv\Desktop\SafeGuard.AI\.venv\Lib\site-packages\sklearn\__init__.py", line 70 in <module>
  File "<frozen importlib._bootstrap>", line 488 in _call_with_frames_removed
  File "<frozen importlib._bootstrap_external>", line 999 in exec_module
  File "<frozen importlib._bootstrap>", line 935 in _load_unlocked
  File "<frozen importlib._bootstrap>", line 1331 in _find_and_load_unlocked
  File "<frozen importlib._bootstrap>", line 1360 in _find_and_load
  File "<frozen importlib._bootstrap>", line 488 in _call_with_frames_removed
  File "<frozen importlib._bootstrap>", line 1310 in _find_and_load_unlocked
  File "<frozen importlib._bootstrap>", line 1360 in _find_and_load
  File "C:\Users\starv\Desktop\SafeGuard.AI\.venv\Lib\site-packages\transformers\generation\candidate_generator.py", 
line 28 in <module>
  File "<frozen importlib._bootstrap>", line 488 in _call_with_frames_removed
  File "<frozen importlib._bootstrap_external>", line 999 in exec_module
  File "<frozen importlib._bootstrap>", line 935 in _load_unlocked
  File "<frozen importlib._bootstrap>", line 1331 in _find_and_load_unlocked
  File "<frozen importlib._bootstrap>", line 1360 in _find_and_load
  File "C:\Users\starv\Desktop\SafeGuard.AI\.venv\Lib\site-packages\transformers\generation\utils.py", line 53 in 
<module>
  File "<frozen importlib._bootstrap>", line 488 in _call_with_frames_removed
  File "<frozen importlib._bootstrap_external>", line 999 in exec_module
  File "<frozen importlib._bootstrap>", line 935 in _load_unlocked
  File "<frozen importlib._bootstrap>", line 1331 in _find_and_load_unlocked
  File "<frozen importlib._bootstrap>", line 1360 in _find_and_load
  File "<frozen importlib._bootstrap>", line 1387 in _gcd_import
  File "C:\Users\starv\AppData\Roaming\uv\python\cpython-3.12.12-windows-x86_64-none\Lib\importlib\__init__.py", line 
90 in import_module
  File "C:\Users\starv\Desktop\SafeGuard.AI\.venv\Lib\site-packages\transformers\utils\import_utils.py", line 2444 in 
_get_module
  File "C:\Users\starv\Desktop\SafeGuard.AI\.venv\Lib\site-packages\transformers\utils\import_utils.py", line 2212 in 
__getattr__
  ...
collecting ... collected 19 items

tests/test_app.py::TestPredictFunction::test_predict_fraud PASSED        [  5%]
tests/test_app.py::TestPredictFunction::test_predict_legit PASSED        [ 10%]
tests/test_app.py::TestPredictFunction::test_predict_warning FAILED      [ 15%]
tests/test_app.py::TestFlaskApp::test_index_get PASSED                   [ 21%]
tests/test_app.py::TestFlaskApp::test_index_post PASSED                  [ 26%]
tests/test_app.py::TestFlaskApp::test_clear_history PASSED               [ 31%]
tests/test_data_ingestion.py::TestReadParams::test_read_params_valid PASSED [ 36%]
tests/test_data_ingestion.py::TestReadParams::test_read_params_invalid_file PASSED [ 42%]
Windows fatal exception: access violation

Thread 0x00000dd0 (most recent call first):
  File "C:\Users\starv\AppData\Roaming\uv\python\cpython-3.12.12-windows-x86_64-none\Lib\threading.py", line 359 in 
wait
  File "C:\Users\starv\AppData\Roaming\uv\python\cpython-3.12.12-windows-x86_64-none\Lib\threading.py", line 655 in 
wait
  File "C:\Users\starv\Desktop\SafeGuard.AI\.venv\Lib\site-packages\tqdm\_monitor.py", line 60 in run
  File "C:\Users\starv\AppData\Roaming\uv\python\cpython-3.12.12-windows-x86_64-none\Lib\threading.py", line 1075 in 
_bootstrap_inner
  File "C:\Users\starv\AppData\Roaming\uv\python\cpython-3.12.12-windows-x86_64-none\Lib\threading.py", line 1032 in 
_bootstrap

Current thread 0x0000661c (most recent call first):
  File "C:\Users\starv\Desktop\SafeGuard.AI\.venv\Lib\site-packages\pandas\core\arrays\string_arrow.py", line 239 in 
_from_sequence
  File "C:\Users\starv\Desktop\SafeGuard.AI\.venv\Lib\site-packages\pandas\core\construction.py", line 671 in 
sanitize_array
  File "C:\Users\starv\Desktop\SafeGuard.AI\.venv\Lib\site-packages\pandas\core\indexes\base.py", line 580 in __new__
  File "C:\Users\starv\Desktop\SafeGuard.AI\.venv\Lib\site-packages\pandas\core\internals\construction.py", line 438 
in dict_to_mgr
  File "C:\Users\starv\Desktop\SafeGuard.AI\.venv\Lib\site-packages\pandas\core\frame.py", line 769 in __init__
  File "C:\Users\starv\Desktop\SafeGuard.AI\tests\test_data_ingestion.py", line 46 in test_get_data_success
  File "C:\Users\starv\Desktop\SafeGuard.AI\.venv\Lib\site-packages\_pytest\python.py", line 166 in pytest_pyfunc_call
  File "C:\Users\starv\Desktop\SafeGuard.AI\.venv\Lib\site-packages\pluggy\_callers.py", line 121 in _multicall
  File "C:\Users\starv\Desktop\SafeGuard.AI\.venv\Lib\site-packages\pluggy\_manager.py", line 120 in _hookexec
  File "C:\Users\starv\Desktop\SafeGuard.AI\.venv\Lib\site-packages\pluggy\_hooks.py", line 512 in __call__
  File "C:\Users\starv\Desktop\SafeGuard.AI\.venv\Lib\site-packages\_pytest\python.py", line 1720 in runtest
  File "C:\Users\starv\Desktop\SafeGuard.AI\.venv\Lib\site-packages\_pytest\runner.py", line 179 in pytest_runtest_call
  File "C:\Users\starv\Desktop\SafeGuard.AI\.venv\Lib\site-packages\pluggy\_callers.py", line 121 in _multicall
  File "C:\Users\starv\Desktop\SafeGuard.AI\.venv\Lib\site-packages\pluggy\_manager.py", line 120 in _hookexec
  File "C:\Users\starv\Desktop\SafeGuard.AI\.venv\Lib\site-packages\pluggy\_hooks.py", line 512 in __call__
  File "C:\Users\starv\Desktop\SafeGuard.AI\.venv\Lib\site-packages\_pytest\runner.py", line 245 in <lambda>
  File "C:\Users\starv\Desktop\SafeGuard.AI\.venv\Lib\site-packages\_pytest\runner.py", line 353 in from_call
  File "C:\Users\starv\Desktop\SafeGuard.AI\.venv\Lib\site-packages\_pytest\runner.py", line 244 in call_and_report
  File "C:\Users\starv\Desktop\SafeGuard.AI\.venv\Lib\site-packages\_pytest\runner.py", line 137 in runtestprotocol
  File "C:\Users\starv\Desktop\SafeGuard.AI\.venv\Lib\site-packages\_pytest\runner.py", line 118 in 
pytest_runtest_protocol
  File "C:\Users\starv\Desktop\SafeGuard.AI\.venv\Lib\site-packages\pluggy\_callers.py", line 121 in _multicall
  File "C:\Users\starv\Desktop\SafeGuard.AI\.venv\Lib\site-packages\pluggy\_manager.py", line 120 in _hookexec
  File "C:\Users\starv\Desktop\SafeGuard.AI\.venv\Lib\site-packages\pluggy\_hooks.py", line 512 in __call__
  File "C:\Users\starv\Desktop\SafeGuard.AI\.venv\Lib\site-packages\_pytest\main.py", line 396 in pytest_runtestloop
  File "C:\Users\starv\Desktop\SafeGuard.AI\.venv\Lib\site-packages\pluggy\_callers.py", line 121 in _multicall
  File "C:\Users\starv\Desktop\SafeGuard.AI\.venv\Lib\site-packages\pluggy\_manager.py", line 120 in _hookexec
  File "C:\Users\starv\Desktop\SafeGuard.AI\.venv\Lib\site-packages\pluggy\_hooks.py", line 512 in __call__
  File "C:\Users\starv\Desktop\SafeGuard.AI\.venv\Lib\site-packages\_pytest\main.py", line 372 in _main
  File "C:\Users\starv\Desktop\SafeGuard.AI\.venv\Lib\site-packages\_pytest\main.py", line 318 in wrap_session
  File "C:\Users\starv\Desktop\SafeGuard.AI\.venv\Lib\site-packages\_pytest\main.py", line 365 in pytest_cmdline_main
  File "C:\Users\starv\Desktop\SafeGuard.AI\.venv\Lib\site-packages\pluggy\_callers.py", line 121 in _multicall
  File "C:\Users\starv\Desktop\SafeGuard.AI\.venv\Lib\site-packages\pluggy\_manager.py", line 120 in _hookexec
  File "C:\Users\starv\Desktop\SafeGuard.AI\.venv\Lib\site-packages\pluggy\_hooks.py", line 512 in __call__
  File "C:\Users\starv\Desktop\SafeGuard.AI\.venv\Lib\site-packages\_pytest\config\__init__.py", line 199 in main
  File "C:\Users\starv\Desktop\SafeGuard.AI\.venv\Lib\site-packages\_pytest\config\__init__.py", line 223 in 
console_main
  File "C:\Users\starv\Desktop\SafeGuard.AI\.venv\Scripts\pytest.exe\__main__.py", line 10 in <module>
  File "<frozen runpy>", line 88 in _run_code
  File "<frozen runpy>", line 198 in _run_module_as_main
tests/test_data_ingestion.py::TestGetData::test_get_data_success 
